
> my-project@0.1.0 build C:\Users\Amber\Downloads\OneDrive - varmsp\Apps\linknedout
> next build

Γû▓ Next.js 16.1.6 (Turbopack)

  Creating an optimized production build ...
pnpm.exe : 
At line:1 char:1
+ & "C:\Users\Amber\AppData\Local\pnpm\pnpm.exe" build 2>&1 | Tee-Objec ...
+ ~~~~~~~~~~~~~~~~~~~~~~~~~~~~~~~~~~~~~~~~~~~~~~~~~~~~~~~~~
    + CategoryInfo          : NotSpecified: (:String) [], RemoteException
    + FullyQualifiedErrorId : NativeCommandError
 
> Build error occurred
Error: Turbopack build failed with 4 errors:
./components/network-panel.tsx:404:11
Parsing ecmascript source code failed
[0m [90m 402 |[39m   )
 [90m 403 |[39m }
[31m[1m>[22m[39m[90m 404 |[39m           [33m<[39m[33m/[39m[33mCardContent[39m[33m>[39m
 [90m     |[39m           [31m[1m^[22m[39m
 [90m 405 |[39m         [33m<[39m[33m/[39m[33mCard[39m[33m>[39m
 [90m 406 |[39m       [33m<[39m[33m/[39m[33mdiv[39m[33m>[39m
 [90m 407 |[39m     [33m<[39m[33m/[39m[33mdiv[39m[33m>[39m[0m

Expression expected

Import traces:
  Client Component Browser:
    ./components/network-panel.tsx [Client Component Browser]
    ./app/page.tsx [Client Component Browser]
    ./app/page.tsx [Server Component]

  Client Component SSR:
    ./components/network-panel.tsx [Client Component SSR]
    ./app/page.tsx [Client Component SSR]
    ./app/page.tsx [Server Component]


./components/network-panel.tsx:404:12
Parsing ecmascript source code failed
[0m [90m 402 |[39m   )
 [90m 403 |[39m }
[31m[1m>[22m[39m[90m 404 |[39m           [33m<[39m[33m/[39m[33mCardContent[39m[33m>[39m
 [90m     |[39m            [31m[1m^[22m[39m[31m[1m^[22m[39m[31m[1m^[22m[39m[31m[1m^[22m[39m[31m[1m^
[22m[39m[31m[1m^[22m[39m[31m[1m^[22m[39m[31m[1m^[22m[39m[31m[1m^[22m[39m[31m[1m^[22m[39m[31m[1m
^[22m[39m[31m[1m^[22m[39m[31m[1m^[22m[39m
 [90m 405 |[39m         [33m<[39m[33m/[39m[33mCard[39m[33m>[39m
 [90m 406 |[39m       [33m<[39m[33m/[39m[33mdiv[39m[33m>[39m
 [90m 407 |[39m     [33m<[39m[33m/[39m[33mdiv[39m[33m>[39m[0m

Unterminated regexp literal

Import traces:
  Client Component Browser:
    ./components/network-panel.tsx [Client Component Browser]
    ./app/page.tsx [Client Component Browser]
    ./app/page.tsx [Server Component]

  Client Component SSR:
    ./components/network-panel.tsx [Client Component SSR]
    ./app/page.tsx [Client Component SSR]
    ./app/page.tsx [Server Component]


./components/projects-panel.tsx:460:15
Parsing ecmascript source code failed
[0m [90m 458 |[39m   )
 [90m 459 |[39m }
[31m[1m>[22m[39m[90m 460 |[39m               [33m<[39m[33m/[39m[33mBadge[39m[33m>[39m
 [90m     |[39m               [31m[1m^[22m[39m
 [90m 461 |[39m             ))}
 [90m 462 |[39m           [33m<[39m[33m/[39m[33mdiv[39m[33m>[39m
 [90m 463 |[39m         [33m<[39m[33m/[39m[33mdiv[39m[33m>[39m[0m

Expression expected

Import traces:
  Client Component Browser:
    ./components/projects-panel.tsx [Client Component Browser]
    ./app/page.tsx [Client Component Browser]
    ./app/page.tsx [Server Component]

  Client Component SSR:
    ./components/projects-panel.tsx [Client Component SSR]
    ./app/page.tsx [Client Component SSR]
    ./app/page.tsx [Server Component]


./components/projects-panel.tsx:460:16
Parsing ecmascript source code failed
[0m [90m 458 |[39m   )
 [90m 459 |[39m }
[31m[1m>[22m[39m[90m 460 |[39m               [33m<[39m[33m/[39m[33mBadge[39m[33m>[39m
 [90m     |[39m                [31m[1m^[22m[39m[31m[1m^[22m[39m[31m[1m^[22m[39m[31m[1m^[22m[39m[31m
[1m^[22m[39m[31m[1m^[22m[39m[31m[1m^[22m[39m
 [90m 461 |[39m             ))}
 [90m 462 |[39m           [33m<[39m[33m/[39m[33mdiv[39m[33m>[39m
 [90m 463 |[39m         [33m<[39m[33m/[39m[33mdiv[39m[33m>[39m[0m

Unterminated regexp literal

Import traces:
  Client Component Browser:
    ./components/projects-panel.tsx [Client Component Browser]
    ./app/page.tsx [Client Component Browser]
    ./app/page.tsx [Server Component]

  Client Component SSR:
    ./components/projects-panel.tsx [Client Component SSR]
    ./app/page.tsx [Client Component SSR]
    ./app/page.tsx [Server Component]


    at <unknown> (./components/network-panel.tsx:404:11)
    at <unknown> (./components/network-panel.tsx:404:12)
    at <unknown> (./components/projects-panel.tsx:460:15)
    at <unknown> (./components/projects-panel.tsx:460:16)
ΓÇëELIFECYCLEΓÇë Command failed with exit code 1.
